---
source: crates/wake_ecma_lexer/tests/tokens_snapshot.rs
expression: "dump(r#\"let s = \"a\\tb\"; let t = `x${a + b}y${c}z`; let e = '\\u{1F600}';\"#)"
---
let                "let"
identifier         "s"
=                  "="
string             "\"a\\tb\""
;                  ";"
let                "let"
identifier         "t"
=                  "="
template-head      "`x${"
identifier         "a"
+                  "+"
identifier         "b"
template-middle    "}y${"
identifier         "c"
template-tail      "}z`"
;                  ";"
let                "let"
identifier         "e"
=                  "="
string             "'\\u{1F600}'"
;                  ";"
