---
source: crates/wake_ecma_lexer/tests/tokens_snapshot.rs
expression: "dump(\"class C { #x = 1; get #y() { return this.#x; } } const re = /^\\\\d+$/gimsu;\")"
---
class              "class"
identifier         "C"
{                  "{"
private-identifier "#x"
=                  "="
number             "1"
;                  ";"
get                "get"
private-identifier "#y"
(                  "("
)                  ")"
{                  "{"
return             "return"
this               "this"
.                  "."
private-identifier "#x"
;                  ";"
}                  "}"
}                  "}"
const              "const"
identifier         "re"
=                  "="
regex              "/^\\d+$/gimsu"
;                  ";"
