---
source: crates/wake_ecma_lexer/tests/tokens_snapshot.rs
expression: "dump(\"a ??= b; x **= 2; y >>>= 1; p?.q?.[r]; m = n === o ? p : q; ...spread;\")"
---
identifier         "a"
??=                "??="
identifier         "b"
;                  ";"
identifier         "x"
**=                "**="
number             "2"
;                  ";"
identifier         "y"
>>>=               ">>>="
number             "1"
;                  ";"
identifier         "p"
?.                 "?."
identifier         "q"
?.                 "?."
[                  "["
identifier         "r"
]                  "]"
;                  ";"
identifier         "m"
=                  "="
identifier         "n"
===                "==="
identifier         "o"
?                  "?"
identifier         "p"
:                  ":"
identifier         "q"
;                  ";"
...                "..."
identifier         "spread"
;                  ";"
