---
source: crates/wake_ecma_lexer/tests/tokens_snapshot.rs
expression: "dump(\"const n = 42n; let f = 3.14e-2; let h = 0xDE_AD; let b = 0b1010; let o = 0o755;\")"
---
const              "const"
identifier         "n"
=                  "="
bigint             "42n"
;                  ";"
let                "let"
identifier         "f"
=                  "="
number             "3.14e-2"
;                  ";"
let                "let"
identifier         "h"
=                  "="
number             "0xDE_AD"
;                  ";"
let                "let"
identifier         "b"
=                  "="
number             "0b1010"
;                  ";"
let                "let"
identifier         "o"
=                  "="
number             "0o755"
;                  ";"
